2022-04-06 22:19:08,922 - SNN - INFO - Generating connectivity matrix...0.11/0.16/0.24/0.24/5000
2022-04-06 22:19:08,922 - SNN - INFO - Generating connectivity matrix...0.11/0.16/0.24/0.24/5000
2022-04-06 22:19:49,072 - SNN - INFO - RUNNING SIMULATION...
2022-04-06 22:19:49,072 - SNN - INFO - RUNNING SIMULATION...
2022-04-06 22:19:49,073 - SNN - INFO - Loading connectivity matrix...
2022-04-06 22:19:49,073 - SNN - INFO - Loading connectivity matrix...
2022-04-06 22:20:02,051 - SNN - INFO - Building model...
2022-04-06 22:20:02,051 - SNN - INFO - Building model...
2022-04-06 22:21:05,270 - SNN - INFO - Loading inputs and constructing input synapses...
2022-04-06 22:21:05,270 - SNN - INFO - Loading inputs and constructing input synapses...
2022-04-06 22:22:34,379 - SNN - INFO - Writing Files...
2022-04-06 22:22:34,379 - SNN - INFO - Writing Files...
2022-04-06 22:22:34,381 - SNN - ERROR - 'NetworkSimulator' object has no attribute 'e_spike_monitor'
2022-04-06 22:22:34,381 - SNN - ERROR - 'NetworkSimulator' object has no attribute 'e_spike_monitor'
2022-04-06 22:22:34,381 - SNN - ERROR - Failed to write file...
2022-04-06 22:22:34,381 - SNN - ERROR - Failed to write file...
2022-04-06 22:22:34,381 - SNN - ERROR - Failed to run simulation.
2022-04-06 22:22:34,381 - SNN - ERROR - Failed to run simulation.
2022-04-06 22:22:34,390 - SNN - INFO - Generating connectivity matrix...0.11/0.16/0.24/0.24/5000
2022-04-06 22:22:34,390 - SNN - INFO - Generating connectivity matrix...0.11/0.16/0.24/0.24/5000
2022-04-06 22:22:34,390 - SNN - INFO - Generating connectivity matrix...0.11/0.16/0.24/0.24/5000
2022-04-06 22:25:07,937 - SNN - INFO - Generating connectivity matrix...0.11/0.16/0.24/0.24/5000
2022-04-06 22:25:07,937 - SNN - INFO - Generating connectivity matrix...0.11/0.16/0.24/0.24/5000
2022-04-06 22:25:47,855 - SNN - INFO - RUNNING SIMULATION...
2022-04-06 22:25:47,855 - SNN - INFO - RUNNING SIMULATION...
2022-04-06 22:25:47,855 - SNN - INFO - Loading connectivity matrix...
2022-04-06 22:25:47,855 - SNN - INFO - Loading connectivity matrix...
2022-04-06 22:26:00,510 - SNN - INFO - Building model...
2022-04-06 22:26:00,510 - SNN - INFO - Building model...
2022-04-06 22:26:10,763 - SNN - INFO - Loading inputs and constructing input synapses...
2022-04-06 22:26:10,763 - SNN - INFO - Loading inputs and constructing input synapses...
2022-04-06 22:26:16,308 - SNN - ERROR - 'NetworkSimulator' object has no attribute 'i_spike_monitor'
2022-04-06 22:26:16,308 - SNN - ERROR - 'NetworkSimulator' object has no attribute 'i_spike_monitor'
2022-04-06 22:26:16,309 - SNN - ERROR - Failed to run simulation.
2022-04-06 22:26:16,309 - SNN - ERROR - Failed to run simulation.
2022-04-06 22:26:16,323 - SNN - INFO - Generating connectivity matrix...0.11/0.16/0.24/0.24/5000
2022-04-06 22:26:16,323 - SNN - INFO - Generating connectivity matrix...0.11/0.16/0.24/0.24/5000
2022-04-06 22:26:16,323 - SNN - INFO - Generating connectivity matrix...0.11/0.16/0.24/0.24/5000
2022-04-06 22:26:56,804 - SNN - INFO - RUNNING SIMULATION...
2022-04-06 22:26:56,804 - SNN - INFO - RUNNING SIMULATION...
2022-04-06 22:26:56,804 - SNN - INFO - RUNNING SIMULATION...
2022-04-06 22:26:56,807 - SNN - INFO - Loading connectivity matrix...
2022-04-06 22:26:56,807 - SNN - INFO - Loading connectivity matrix...
2022-04-06 22:26:56,807 - SNN - INFO - Loading connectivity matrix...
2022-04-06 22:27:02,715 - SNN - INFO - Building model...
2022-04-06 22:27:02,715 - SNN - INFO - Building model...
2022-04-06 22:27:02,715 - SNN - INFO - Building model...
2022-04-06 22:27:13,420 - SNN - INFO - Loading inputs and constructing input synapses...
2022-04-06 22:27:13,420 - SNN - INFO - Loading inputs and constructing input synapses...
2022-04-06 22:27:13,420 - SNN - INFO - Loading inputs and constructing input synapses...
2022-04-06 22:27:19,136 - SNN - ERROR - 'NetworkSimulator' object has no attribute 'i_spike_monitor'
2022-04-06 22:27:19,136 - SNN - ERROR - 'NetworkSimulator' object has no attribute 'i_spike_monitor'
2022-04-06 22:27:19,136 - SNN - ERROR - 'NetworkSimulator' object has no attribute 'i_spike_monitor'
2022-04-06 22:27:19,138 - SNN - ERROR - Failed to run simulation.
2022-04-06 22:27:19,138 - SNN - ERROR - Failed to run simulation.
2022-04-06 22:27:19,138 - SNN - ERROR - Failed to run simulation.
2022-04-06 22:27:19,149 - SNN - INFO - Generating connectivity matrix...0.11/0.16/0.24/0.24/5000
2022-04-06 22:27:19,149 - SNN - INFO - Generating connectivity matrix...0.11/0.16/0.24/0.24/5000
2022-04-06 22:27:19,149 - SNN - INFO - Generating connectivity matrix...0.11/0.16/0.24/0.24/5000
2022-04-06 22:27:19,149 - SNN - INFO - Generating connectivity matrix...0.11/0.16/0.24/0.24/5000
2022-04-06 22:28:37,502 - SNN - INFO - Generating connectivity matrix...0.11/0.16/0.24/0.24/5000
2022-04-06 22:28:37,502 - SNN - INFO - Generating connectivity matrix...0.11/0.16/0.24/0.24/5000
2022-04-06 22:29:17,894 - SNN - INFO - RUNNING SIMULATION...
2022-04-06 22:29:17,894 - SNN - INFO - RUNNING SIMULATION...
2022-04-06 22:29:17,895 - SNN - INFO - Loading connectivity matrix...
2022-04-06 22:29:17,895 - SNN - INFO - Loading connectivity matrix...
2022-04-06 22:29:30,710 - SNN - INFO - Building model...
2022-04-06 22:29:30,710 - SNN - INFO - Building model...
2022-04-06 22:29:41,067 - SNN - INFO - Loading inputs and constructing input synapses...
2022-04-06 22:29:41,067 - SNN - INFO - Loading inputs and constructing input synapses...
2022-04-06 22:29:46,542 - SNN - INFO - Defining Monitors...
2022-04-06 22:29:46,542 - SNN - INFO - Defining Monitors...
2022-04-06 22:30:38,426 - SNN - INFO - Writing Files...
2022-04-06 22:30:38,426 - SNN - INFO - Writing Files...
2022-04-06 22:30:42,398 - SNN - INFO - Scoring network...
2022-04-06 22:30:42,398 - SNN - INFO - Scoring network...
2022-04-06 22:33:42,570 - SNN - INFO - Done
2022-04-06 22:33:42,570 - SNN - INFO - Done
2022-04-06 22:33:42,585 - SNN - INFO - Generating connectivity matrix...0.11/0.16/0.24/0.24/5000
2022-04-06 22:33:42,585 - SNN - INFO - Generating connectivity matrix...0.11/0.16/0.24/0.24/5000
2022-04-06 22:33:42,585 - SNN - INFO - Generating connectivity matrix...0.11/0.16/0.24/0.24/5000
